   Compiling qs3 v0.1.0 (/home/sp10/qs3/.prototypes/out/nvfp4-perf-logits-skr3f9xb/checkout)
warning: constant `Hg` should have an upper case name
  --> /home/sp10/qs3/.prototypes/out/nvfp4-perf-logits-skr3f9xb/checkout/build/triton/gdn_prefill_kkt.rs:29:15
   |
29 |     pub const Hg: i64 = 16;
   |               ^^ help: convert the identifier to upper case: `HG`
   |
   = note: `#[warn(non_upper_case_globals)]` (part of `#[warn(nonstandard_style)]`) on by default

warning: constant `Hg` should have an upper case name
  --> /home/sp10/qs3/.prototypes/out/nvfp4-perf-logits-skr3f9xb/checkout/build/triton/gdn_prefill_wu.rs:29:15
   |
29 |     pub const Hg: i64 = 16;
   |               ^^ help: convert the identifier to upper case: `HG`

warning: constant `Hg` should have an upper case name
  --> /home/sp10/qs3/.prototypes/out/nvfp4-perf-logits-skr3f9xb/checkout/build/triton/gdn_prefill_state.rs:29:15
   |
29 |     pub const Hg: i64 = 16;
   |               ^^ help: convert the identifier to upper case: `HG`

warning: constant `Hg` should have an upper case name
  --> /home/sp10/qs3/.prototypes/out/nvfp4-perf-logits-skr3f9xb/checkout/build/triton/gdn_prefill_output.rs:29:15
   |
29 |     pub const Hg: i64 = 16;
   |               ^^ help: convert the identifier to upper case: `HG`

warning: `qs3` (lib) generated 4 warnings (run `cargo fix --lib -p qs3` to apply 4 suggestions)
    Finished `release` profile [optimized] target(s) in 2.95s
