/usr/local/cuda/bin/nvcc -I/home/sp10/qs3 -std=c++17 -arch=sm_121 --expt-relaxed-constexpr -diag-suppress 20012 -I. -DQSFI_ENABLE_CHECKED_VALIDATION=0 -I../3pty/flashinfer/3rdparty/cccl/libcudacxx/include -I../3pty/flashinfer/3rdparty/cccl/cub -I../3pty/flashinfer/3rdparty/cccl/thrust -I../3pty/flashinfer/3rdparty/cccl/cudax/include -I../3pty/flashinfer/3rdparty/cutlass/include -I../3pty/flashinfer/3rdparty/cutlass/tools/util/include -I../3pty/flashinfer/3rdparty/spdlog/include -I../3pty/flashinfer/include -I../3pty/flashinfer/csrc -I../3pty/flashinfer/csrc/nv_internal -I../3pty/flashinfer/csrc/nv_internal/include -c /home/sp10/qs3/.prototypes/qwen27_attention/qsfi.cu -o /home/sp10/qs3/.prototypes/qwen27_attention/qsfi.o
/home/sp10/qs3/.prototypes/qwen27_attention/test.cu(1139): warning #177-D: function "<unnamed>::test_attention_rejects_non_qwen36_full_attention_shapes" was declared but never referenced
  void test_attention_rejects_non_qwen36_full_attention_shapes()
       ^

Remark: The warnings can be suppressed with "-diag-suppress <warning-number>"

/home/sp10/qs3/.prototypes/qwen27_attention/test.cu(1355): warning #177-D: function "<unnamed>::test_gdn_decode_one_hot_recurrence" was declared but never referenced
  void test_gdn_decode_one_hot_recurrence()
       ^

/home/sp10/qs3/.prototypes/qwen27_attention/test.cu(1474): warning #177-D: function "<unnamed>::test_gdn_prefill_two_token_recurrence" was declared but never referenced
  void test_gdn_prefill_two_token_recurrence()
       ^

/home/sp10/qs3/.prototypes/qwen27_attention/test.cu(1593): warning #177-D: function "<unnamed>::test_moe_bf16_staged_grouped_gemm" was declared but never referenced
  void test_moe_bf16_staged_grouped_gemm(uint32_t gemm_threadblocks)
       ^

/home/sp10/qs3/.prototypes/qwen27_attention/test.cu(1720): warning #177-D: function "<unnamed>::test_moe_bf16_top2_weighted_accumulation" was declared but never referenced
  void test_moe_bf16_top2_weighted_accumulation(uint32_t gemm_threadblocks)
       ^

/home/sp10/qs3/.prototypes/qwen27_attention/test.cu(1854): warning #177-D: function "<unnamed>::test_moe_router_logits_plan_is_unsupported" was declared but never referenced
  void test_moe_router_logits_plan_is_unsupported()
       ^

/home/sp10/qs3/.prototypes/qwen27_attention/test.cu(1886): warning #177-D: function "<unnamed>::test_moe_nvfp4_execute_is_declared_unsupported" was declared but never referenced
  void test_moe_nvfp4_execute_is_declared_unsupported()
       ^

Build complete. Execute .prototypes/qwen27_attention/probe separately.
24Q/4KV/256 AOT append, decode and prefill CPU-reference checks passed
